[debug] [2026-05-22T09:32:20.378Z] ----------------------------------------------------------------------
[debug] [2026-05-22T09:32:20.390Z] Command:       C:\Program Files\nodejs\node.exe C:\Users\lizzy\AppData\Roaming\npm\node_modules\firebase-tools\lib\bin\firebase.js deploy --only functions
[debug] [2026-05-22T09:32:20.391Z] CLI Version:   15.18.0
[debug] [2026-05-22T09:32:20.391Z] Platform:      win32
[debug] [2026-05-22T09:32:20.391Z] Node Version:  v24.14.1
[debug] [2026-05-22T09:32:20.391Z] Time:          Fri May 22 2026 11:32:20 GMT+0200 (South Africa Standard Time)
[debug] [2026-05-22T09:32:20.391Z] ----------------------------------------------------------------------
[debug] 
[debug] [2026-05-22T09:32:22.435Z] > command requires scopes: ["email","openid","https://www.googleapis.com/auth/cloudplatformprojects.readonly","https://www.googleapis.com/auth/firebase","https://www.googleapis.com/auth/cloud-platform"]
[debug] [2026-05-22T09:32:22.436Z] > authorizing via signed-in user (carteblanche.tv101@gmail.com)
[debug] [2026-05-22T09:32:22.436Z] [iam] checking project cb-deliverables for permissions ["cloudfunctions.functions.create","cloudfunctions.functions.delete","cloudfunctions.functions.get","cloudfunctions.functions.list","cloudfunctions.functions.update","cloudfunctions.operations.get","firebase.projects.get"]
[debug] [2026-05-22T09:32:22.437Z] Checked if tokens are valid: false, expires at: 1779441975167
[debug] [2026-05-22T09:32:22.437Z] Checked if tokens are valid: false, expires at: 1779441975167
[debug] [2026-05-22T09:32:22.437Z] > refreshing access token with scopes: []
[debug] [2026-05-22T09:32:22.440Z] >>> [apiv2][query] POST https://www.googleapis.com/oauth2/v3/token [none]
[debug] [2026-05-22T09:32:22.440Z] >>> [apiv2][body] POST https://www.googleapis.com/oauth2/v3/token [omitted]
[debug] [2026-05-22T09:32:22.819Z] <<< [apiv2][status] POST https://www.googleapis.com/oauth2/v3/token 200
[debug] [2026-05-22T09:32:22.819Z] <<< [apiv2][body] POST https://www.googleapis.com/oauth2/v3/token [omitted]
[debug] [2026-05-22T09:32:22.824Z] >>> [apiv2][query] POST https://cloudresourcemanager.googleapis.com/v1/projects/cb-deliverables:testIamPermissions [none]
[debug] [2026-05-22T09:32:22.825Z] >>> [apiv2][(partial)header] POST https://cloudresourcemanager.googleapis.com/v1/projects/cb-deliverables:testIamPermissions  x-goog-user-project=cb-deliverables
[debug] [2026-05-22T09:32:22.825Z] >>> [apiv2][body] POST https://cloudresourcemanager.googleapis.com/v1/projects/cb-deliverables:testIamPermissions {"permissions":["cloudfunctions.functions.create","cloudfunctions.functions.delete","cloudfunctions.functions.get","cloudfunctions.functions.list","cloudfunctions.functions.update","cloudfunctions.operations.get","firebase.projects.get"]}
[debug] [2026-05-22T09:32:24.456Z] <<< [apiv2][status] POST https://cloudresourcemanager.googleapis.com/v1/projects/cb-deliverables:testIamPermissions 200
[debug] [2026-05-22T09:32:24.456Z] <<< [apiv2][body] POST https://cloudresourcemanager.googleapis.com/v1/projects/cb-deliverables:testIamPermissions {"permissions":["cloudfunctions.functions.create","cloudfunctions.functions.delete","cloudfunctions.functions.get","cloudfunctions.functions.list","cloudfunctions.functions.update","cloudfunctions.operations.get","firebase.projects.get"]}
[debug] [2026-05-22T09:32:24.456Z] Checked if tokens are valid: true, expires at: 1779445941819
[debug] [2026-05-22T09:32:24.456Z] Checked if tokens are valid: true, expires at: 1779445941819
[debug] [2026-05-22T09:32:24.456Z] >>> [apiv2][query] POST https://iam.googleapis.com/v1/projects/cb-deliverables/serviceAccounts/cb-deliverables@appspot.gserviceaccount.com:testIamPermissions [none]
[debug] [2026-05-22T09:32:24.456Z] >>> [apiv2][body] POST https://iam.googleapis.com/v1/projects/cb-deliverables/serviceAccounts/cb-deliverables@appspot.gserviceaccount.com:testIamPermissions {"permissions":["iam.serviceAccounts.actAs"]}
[debug] [2026-05-22T09:32:26.249Z] <<< [apiv2][status] POST https://iam.googleapis.com/v1/projects/cb-deliverables/serviceAccounts/cb-deliverables@appspot.gserviceaccount.com:testIamPermissions 200
[debug] [2026-05-22T09:32:26.249Z] <<< [apiv2][body] POST https://iam.googleapis.com/v1/projects/cb-deliverables/serviceAccounts/cb-deliverables@appspot.gserviceaccount.com:testIamPermissions {"permissions":["iam.serviceAccounts.actAs"]}
[info] 
[info] === Deploying to 'cb-deliverables'...
[info] 
[info] i  deploying functions 
[debug] [2026-05-22T09:32:26.251Z] Checked if tokens are valid: true, expires at: 1779445941819
[debug] [2026-05-22T09:32:26.251Z] Checked if tokens are valid: true, expires at: 1779445941819
[debug] [2026-05-22T09:32:26.251Z] >>> [apiv2][query] GET https://cloudresourcemanager.googleapis.com/v1/projects/cb-deliverables [none]
[debug] [2026-05-22T09:32:26.539Z] <<< [apiv2][status] GET https://cloudresourcemanager.googleapis.com/v1/projects/cb-deliverables 200
[debug] [2026-05-22T09:32:26.539Z] <<< [apiv2][body] GET https://cloudresourcemanager.googleapis.com/v1/projects/cb-deliverables {"projectNumber":"705555810335","projectId":"cb-deliverables","lifecycleState":"ACTIVE","name":"cb-deliverables","labels":{"firebase":"enabled","firebase-core":"disabled"},"createTime":"2026-04-01T14:54:02.064Z"}
[info] i  functions: preparing codebase default for deployment 
[info] i  functions: ensuring required API cloudfunctions.googleapis.com is enabled... 
[info] i  functions: ensuring required API cloudbuild.googleapis.com is enabled... 
[info] i  artifactregistry: ensuring required API artifactregistry.googleapis.com is enabled... 
[debug] [2026-05-22T09:32:26.540Z] Checked if tokens are valid: true, expires at: 1779445941819
[debug] [2026-05-22T09:32:26.540Z] Checked if tokens are valid: true, expires at: 1779445941819
[debug] [2026-05-22T09:32:26.540Z] >>> [apiv2][query] GET https://firebase.googleapis.com/v1beta1/projects/cb-deliverables/adminSdkConfig [none]
[debug] [2026-05-22T09:32:27.362Z] <<< [apiv2][status] GET https://firebase.googleapis.com/v1beta1/projects/cb-deliverables/adminSdkConfig 200
[debug] [2026-05-22T09:32:27.362Z] <<< [apiv2][body] GET https://firebase.googleapis.com/v1beta1/projects/cb-deliverables/adminSdkConfig {"projectId":"cb-deliverables","storageBucket":"cb-deliverables.firebasestorage.app"}
[debug] [2026-05-22T09:32:27.363Z] Checked if tokens are valid: true, expires at: 1779445941819
[debug] [2026-05-22T09:32:27.363Z] Checked if tokens are valid: true, expires at: 1779445941819
[debug] [2026-05-22T09:32:27.363Z] >>> [apiv2][query] GET https://runtimeconfig.googleapis.com/v1beta1/projects/cb-deliverables/configs [none]
[debug] [2026-05-22T09:32:28.082Z] <<< [apiv2][status] GET https://runtimeconfig.googleapis.com/v1beta1/projects/cb-deliverables/configs 200
[debug] [2026-05-22T09:32:28.082Z] <<< [apiv2][body] GET https://runtimeconfig.googleapis.com/v1beta1/projects/cb-deliverables/configs {}
[debug] [2026-05-22T09:32:28.084Z] Validating nodejs source
[warn] !  functions: Runtime Node.js 20 was deprecated on 2026-04-30 and will be decommissioned on 2026-10-30, after which you will not be able to deploy without upgrading. Consider upgrading now to avoid disruption. See https://cloud.google.com/functions/docs/runtime-support for full details on the lifecycle policy 
[warn] !  functions: Couldn't find firebase-functions package in your source code. Have you run 'npm install'? 
[debug] [2026-05-22T09:32:28.084Z] getFunctionsSDKVersion encountered error: Cannot find module 'firebase-functions'
Require stack:
- C:\Users\lizzy\AppData\Roaming\npm\node_modules\firebase-tools\lib\deploy\functions\runtimes\node\versioning.js
- C:\Users\lizzy\AppData\Roaming\npm\node_modules\firebase-tools\lib\deploy\functions\runtimes\node\index.js
- C:\Users\lizzy\AppData\Roaming\npm\node_modules\firebase-tools\lib\deploy\functions\runtimes\index.js
- C:\Users\lizzy\AppData\Roaming\npm\node_modules\firebase-tools\lib\deploy\functions\prepare.js
- C:\Users\lizzy\AppData\Roaming\npm\node_modules\firebase-tools\lib\emulator\functionsEmulatorShared.js
- C:\Users\lizzy\AppData\Roaming\npm\node_modules\firebase-tools\lib\frameworks\index.js
- C:\Users\lizzy\AppData\Roaming\npm\node_modules\firebase-tools\lib\deploy\hosting\prepare.js
- C:\Users\lizzy\AppData\Roaming\npm\node_modules\firebase-tools\lib\deploy\hosting\index.js
- C:\Users\lizzy\AppData\Roaming\npm\node_modules\firebase-tools\lib\deploy\index.js
- C:\Users\lizzy\AppData\Roaming\npm\node_modules\firebase-tools\lib\commands\deploy.js
- C:\Users\lizzy\AppData\Roaming\npm\node_modules\firebase-tools\lib\commands\index.js
- C:\Users\lizzy\AppData\Roaming\npm\node_modules\firebase-tools\lib\index.js
- C:\Users\lizzy\AppData\Roaming\npm\node_modules\firebase-tools\lib\bin\cli.js
- C:\Users\lizzy\AppData\Roaming\npm\node_modules\firebase-tools\lib\bin\firebase.js {"code":"MODULE_NOT_FOUND","requireStack":["C:\\Users\\lizzy\\AppData\\Roaming\\npm\\node_modules\\firebase-tools\\lib\\deploy\\functions\\runtimes\\node\\versioning.js","C:\\Users\\lizzy\\AppData\\Roaming\\npm\\node_modules\\firebase-tools\\lib\\deploy\\functions\\runtimes\\node\\index.js","C:\\Users\\lizzy\\AppData\\Roaming\\npm\\node_modules\\firebase-tools\\lib\\deploy\\functions\\runtimes\\index.js","C:\\Users\\lizzy\\AppData\\Roaming\\npm\\node_modules\\firebase-tools\\lib\\deploy\\functions\\prepare.js","C:\\Users\\lizzy\\AppData\\Roaming\\npm\\node_modules\\firebase-tools\\lib\\emulator\\functionsEmulatorShared.js","C:\\Users\\lizzy\\AppData\\Roaming\\npm\\node_modules\\firebase-tools\\lib\\frameworks\\index.js","C:\\Users\\lizzy\\AppData\\Roaming\\npm\\node_modules\\firebase-tools\\lib\\deploy\\hosting\\prepare.js","C:\\Users\\lizzy\\AppData\\Roaming\\npm\\node_modules\\firebase-tools\\lib\\deploy\\hosting\\index.js","C:\\Users\\lizzy\\AppData\\Roaming\\npm\\node_modules\\firebase-tools\\lib\\deploy\\index.js","C:\\Users\\lizzy\\AppData\\Roaming\\npm\\node_modules\\firebase-tools\\lib\\commands\\deploy.js","C:\\Users\\lizzy\\AppData\\Roaming\\npm\\node_modules\\firebase-tools\\lib\\commands\\index.js","C:\\Users\\lizzy\\AppData\\Roaming\\npm\\node_modules\\firebase-tools\\lib\\index.js","C:\\Users\\lizzy\\AppData\\Roaming\\npm\\node_modules\\firebase-tools\\lib\\bin\\cli.js","C:\\Users\\lizzy\\AppData\\Roaming\\npm\\node_modules\\firebase-tools\\lib\\bin\\firebase.js"]}
[debug] [2026-05-22T09:32:28.087Z] checkFunctionsSDKVersion encountered error: Invalid Version:  {}
[debug] [2026-05-22T09:32:28.087Z] > [functions] package.json contents: {
  "name": "functions",
  "description": "Cloud Functions for Firebase",
  "scripts": {
    "serve": "firebase emulators:start --only functions",
    "shell": "firebase functions:shell",
    "start": "npm run shell",
    "deploy": "firebase deploy --only functions",
    "logs": "firebase functions:log"
  },
  "engines": {
    "node": "20"
  },
  "main": "index.js",
  "dependencies": {
    "busboy": "^1.6.0",
    "cors": "^2.8.5",
    "dotenv": "^16.4.5",
    "express": "^4.19.2",
    "firebase-admin": "^12.1.0",
    "firebase-functions": "^5.0.0",
    "multer": "^1.4.5-lts.1",
    "nodemailer": "^6.9.13"
  },
  "devDependencies": {
    "firebase-functions-test": "^3.1.0"
  },
  "private": true
}
[debug] [2026-05-22T09:32:28.087Z] Building nodejs source
[info] i  functions: Loading and analyzing source code for codebase default to determine what to deploy 
[debug] [2026-05-22T09:32:28.087Z] Could not parse firebase-functions version '' into semver.
[debug] [2026-05-22T09:32:28.089Z] Could not find functions.yaml. Must use http discovery
[debug] [2026-05-22T09:32:28.098Z] Error: Cannot find module 'firebase-functions'
Require stack:
- C:\Users\lizzy\AppData\Roaming\npm\node_modules\firebase-tools\lib\deploy\functions\runtimes\node\index.js
- C:\Users\lizzy\AppData\Roaming\npm\node_modules\firebase-tools\lib\deploy\functions\runtimes\index.js
- C:\Users\lizzy\AppData\Roaming\npm\node_modules\firebase-tools\lib\deploy\functions\prepare.js
- C:\Users\lizzy\AppData\Roaming\npm\node_modules\firebase-tools\lib\emulator\functionsEmulatorShared.js
- C:\Users\lizzy\AppData\Roaming\npm\node_modules\firebase-tools\lib\frameworks\index.js
- C:\Users\lizzy\AppData\Roaming\npm\node_modules\firebase-tools\lib\deploy\hosting\prepare.js
- C:\Users\lizzy\AppData\Roaming\npm\node_modules\firebase-tools\lib\deploy\hosting\index.js
- C:\Users\lizzy\AppData\Roaming\npm\node_modules\firebase-tools\lib\deploy\index.js
- C:\Users\lizzy\AppData\Roaming\npm\node_modules\firebase-tools\lib\commands\deploy.js
- C:\Users\lizzy\AppData\Roaming\npm\node_modules\firebase-tools\lib\commands\index.js
- C:\Users\lizzy\AppData\Roaming\npm\node_modules\firebase-tools\lib\index.js
- C:\Users\lizzy\AppData\Roaming\npm\node_modules\firebase-tools\lib\bin\cli.js
- C:\Users\lizzy\AppData\Roaming\npm\node_modules\firebase-tools\lib\bin\firebase.js
    at Module._resolveFilename (node:internal/modules/cjs/loader:1456:15)
    at require.resolve (node:internal/modules/helpers:163:19)
    at Delegate.findFunctionsBinary (C:\Users\lizzy\AppData\Roaming\npm\node_modules\firebase-tools\lib\deploy\functions\runtimes\node\index.js:101:33)
    at Delegate.spawnFunctionsProcess (C:\Users\lizzy\AppData\Roaming\npm\node_modules\firebase-tools\lib\deploy\functions\runtimes\node\index.js:131:30)
    at Delegate.serveAdmin (C:\Users\lizzy\AppData\Roaming\npm\node_modules\firebase-tools\lib\deploy\functions\runtimes\node\index.js:152:35)
    at Delegate.discoverBuild (C:\Users\lizzy\AppData\Roaming\npm\node_modules\firebase-tools\lib\deploy\functions\runtimes\node\index.js:192:41)
    at process.processTicksAndRejections (node:internal/process/task_queues:104:5)
    at async loadCodebases (C:\Users\lizzy\AppData\Roaming\npm\node_modules\firebase-tools\lib\deploy\functions\prepare.js:491:33)
    at async prepare (C:\Users\lizzy\AppData\Roaming\npm\node_modules\firebase-tools\lib\deploy\functions\prepare.js:80:24)
    at async chain (C:\Users\lizzy\AppData\Roaming\npm\node_modules\firebase-tools\lib\deploy\index.js:45:9)
[error] 
[error] Error: An unexpected error has occurred.
